// Jest Snapshot v1, https://goo.gl/fbAQLP

exports[`class HelloWorld extends _react.Component {
  constructor(props) {
    super(props);
    this.state = {};
  }
  render() {
    return _react2.default.createElement("p", { __source: { fileName: _jsxFileName, lineNumber: 9 }, __self: this }, "Hello World!");
  }} renders and matches our snapshot 1`] = `
<p>
  Hello World!
</p>
`;
